
> leave-and-attendance-tracker@0.1.0 build
> next build

Γû▓ Next.js 16.2.1 (Turbopack)
- Environments: .env.local

  Creating an optimized production build ...
node.exe : 
At line:1 char:1
+ & "C:\Program 
Files\nodejs/node.exe" 
"C:\Program 
Files\nodejs/node_mo ...
+ ~~~~~~~~~~~~~~~~~~~~~~~~
~~~~~~~~~~~~~~~~~~~~~~~~~~
~~~~~~~~~~~~~~~~~~~
    + CategoryInfo        
      : NotSpecified: (:  
  String) [], RemoteExc   
 eption
    + FullyQualifiedError 
   Id : NativeCommandErr  
  or
 
> Build error occurred
Error: Turbopack build 
failed with 10 errors:
./app/users/page.tsx:5:1
Module not found: Can't 
resolve 'firebase/app'
  [90m3 |[0m 
[36mimport[0m { 
useStore } [36mfrom[0m 
[32m"@/lib/store"[0m;
  [90m4 |[0m 
[36mimport[0m { 
useState, useEffect } 
[36mfrom[0m 
[32m"react"[0m;
[31m[1m>[0m [90m5 
|[0m [36mimport[0m { 
initializeApp } 
[36mfrom[0m 
[32m"firebase/app"[0m;
  [90m  |[0m [31m[1m^^
^^^^^^^^^^^^^^^^^^^^^^^^^^
^^^^^^^^^^^^^^^^^[0m
  [90m6 |[0m 
[36mimport[0m { 
getAuth, createUserWithEma
ilAndPassword, 
updateProfile } 
[36mfrom[0m 
[32m"firebase/auth"[0m;
  [90m7 |[0m 
[36mimport[0m { 
collection, onSnapshot, 
doc, setDoc, deleteDoc } 
[36mfrom[0m [32m"fireba
se/firestore"[0m;
  [90m8 |[0m 
[36mimport[0m { db, app 
} [36mfrom[0m 
[32m"@/lib/firebase"[0m;



Import traces:
  Client Component 
Browser:
    ./app/users/page.tsx 
[Client Component Browser]
    ./app/users/page.tsx 
[Server Component]

  Client Component SSR:
    ./app/users/page.tsx 
[Client Component SSR]
    ./app/users/page.tsx 
[Server Component]

https://nextjs.org/docs/me
ssages/module-not-found


./lib/firebase.ts:1:1
Module not found: Can't 
resolve 'firebase/app'
[31m[1m>[0m [90m1 
|[0m [36mimport[0m { 
initializeApp, getApps, 
getApp } [36mfrom[0m 
[32m'firebase/app'[0m;
  [90m  |[0m [31m[1m^^
^^^^^^^^^^^^^^^^^^^^^^^^^^
^^^^^^^^^^^^^^^^^^^^^^^^^^
^^^^^^^^[0m
  [90m2 |[0m 
[36mimport[0m { 
getFirestore } 
[36mfrom[0m [32m'fireba
se/firestore'[0m;
  [90m3 |[0m 
[36mimport[0m { getAuth 
} [36mfrom[0m 
[32m'firebase/auth'[0m;
  [90m4 |[0m



Import traces:
  Client Component 
Browser:
    ./lib/firebase.ts 
[Client Component Browser]
    ./lib/store.ts 
[Client Component Browser]
    
./app/attendance/page.tsx 
[Client Component Browser]
    
./app/attendance/page.tsx 
[Server Component]

  Client Component SSR:
    ./lib/firebase.ts 
[Client Component SSR]
    ./lib/store.ts 
[Client Component SSR]
    
./app/attendance/page.tsx 
[Client Component SSR]
    
./app/attendance/page.tsx 
[Server Component]

https://nextjs.org/docs/me
ssages/module-not-found


./app/login/page.tsx:5:1
Module not found: Can't 
resolve 'firebase/auth'
  [90m3 |[0m 
[36mimport[0m { 
useState } [36mfrom[0m 
[32m"react"[0m;
  [90m4 |[0m 
[36mimport[0m { 
useRouter } [36mfrom[0m 
[32m"next/navigation"[0m
;
[31m[1m>[0m [90m5 
|[0m [36mimport[0m { si
gnInWithEmailAndPassword 
} [36mfrom[0m 
[32m"firebase/auth"[0m;
  [90m  |[0m [31m[1m^^
^^^^^^^^^^^^^^^^^^^^^^^^^^
^^^^^^^^^^^^^^^^^^^^^^^^^^
^^^^^[0m
  [90m6 |[0m 
[36mimport[0m { auth } 
[36mfrom[0m 
[32m"@/lib/firebase"[0m;
  [90m7 |[0m 
[36mimport[0m { 
[33mShield[0m, 
[33mLoader2[0m, 
[33mKeyRound[0m } 
[36mfrom[0m 
[32m"lucide-react"[0m;
  [90m8 |[0m



Import traces:
  Client Component 
Browser:
    ./app/login/page.tsx 
[Client Component Browser]
    ./app/login/page.tsx 
[Server Component]

  Client Component SSR:
    ./app/login/page.tsx 
[Client Component SSR]
    ./app/login/page.tsx 
[Server Component]

https://nextjs.org/docs/me
ssages/module-not-found


./app/users/page.tsx:6:1
Module not found: Can't 
resolve 'firebase/auth'
  [90m4 |[0m 
[36mimport[0m { 
useState, useEffect } 
[36mfrom[0m 
[32m"react"[0m;
  [90m5 |[0m 
[36mimport[0m { 
initializeApp } 
[36mfrom[0m 
[32m"firebase/app"[0m;
[31m[1m>[0m [90m6 
|[0m [36mimport[0m { 
getAuth, createUserWithEma
ilAndPassword, 
updateProfile } 
[36mfrom[0m 
[32m"firebase/auth"[0m;
  [90m  |[0m [31m[1m^^
^^^^^^^^^^^^^^^^^^^^^^^^^^
^^^^^^^^^^^^^^^^^^^^^^^^^^
^^^^^^^^^^^^^^^^^^^^^^^^^^
^^^^^^^[0m
  [90m7 |[0m 
[36mimport[0m { 
collection, onSnapshot, 
doc, setDoc, deleteDoc } 
[36mfrom[0m [32m"fireba
se/firestore"[0m;
  [90m8 |[0m 
[36mimport[0m { db, app 
} [36mfrom[0m 
[32m"@/lib/firebase"[0m;
  [90m9 |[0m 
[36mimport[0m { 
[33mShieldAlert[0m, 
[33mTrash2[0m, 
[33mUserPlus[0m, 
[33mShield[0m, 
[33mLoader2[0m } 
[36mfrom[0m 
[32m"lucide-react"[0m;



Import traces:
  Client Component 
Browser:
    ./app/users/page.tsx 
[Client Component Browser]
    ./app/users/page.tsx 
[Server Component]

  Client Component SSR:
    ./app/users/page.tsx 
[Client Component SSR]
    ./app/users/page.tsx 
[Server Component]

https://nextjs.org/docs/me
ssages/module-not-found


./components/Sidebar.tsx:8
:1
Module not found: Can't 
resolve 'firebase/auth'
  [90m 6 |[0m 
[36mimport[0m { 
[33mLayoutDashboard[0m, 
[33mUsers[0m, 
[33mCalendarCheck[0m, 
[33mCalendarOff[0m, 
[33mCalendarDays[0m, 
[33mFileDown[0m, 
[33mLogOu.[0m..
  [90m 7 |[0m 
[36mimport[0m { auth } 
[36mfrom[0m 
[32m"@/lib/firebase"[0m;
[31m[1m>[0m [90m 8 
|[0m [36mimport[0m { 
signOut } [36mfrom[0m 
[32m"firebase/auth"[0m;
  [90m   |[0m [31m[1m^
^^^^^^^^^^^^^^^^^^^^^^^^^^
^^^^^^^^^^^^^[0m
  [90m 9 |[0m 
[36mimport[0m { 
useStore } [36mfrom[0m 
[32m"@/lib/store"[0m;
  [90m10 |[0m
  [90m11 |[0m 
[36mexport[0m 
[36mfunction[0m 
[33mSidebar[0m({ 
isOpen, onClose }: { 
isOpen?: boolean; 
onClose?: () => 
[36mvoid[0m }) {



Import traces:
  Client Component 
Browser:
    
./components/Sidebar.tsx 
[Client Component Browser]
    ./components/ClientLay
out.tsx [Client Component 
Browser]
    ./components/ClientLay
out.tsx [Server Component]
    ./app/layout.tsx 
[Server Component]

  Client Component SSR:
    
./components/Sidebar.tsx 
[Client Component SSR]
    ./components/ClientLay
out.tsx [Client Component 
SSR]
    ./components/ClientLay
out.tsx [Server Component]
    ./app/layout.tsx 
[Server Component]

https://nextjs.org/docs/me
ssages/module-not-found


./lib/firebase.ts:3:1
Module not found: Can't 
resolve 'firebase/auth'
  [90m1 |[0m 
[36mimport[0m { 
initializeApp, getApps, 
getApp } [36mfrom[0m 
[32m'firebase/app'[0m;
  [90m2 |[0m 
[36mimport[0m { 
getFirestore } 
[36mfrom[0m [32m'fireba
se/firestore'[0m;
[31m[1m>[0m [90m3 
|[0m [36mimport[0m { 
getAuth } [36mfrom[0m 
[32m'firebase/auth'[0m;
  [90m  |[0m [31m[1m^^
^^^^^^^^^^^^^^^^^^^^^^^^^^
^^^^^^^^^^^^[0m
  [90m4 |[0m
  [90m5 |[0m 
[36mconst[0m 
firebaseConfig = {
  [90m6 |[0m   apiKey: p
rocess.env.[33mNEXT_PUBLI
C_FIREBASE_API_KEY[0m,



Import traces:
  Client Component 
Browser:
    ./lib/firebase.ts 
[Client Component Browser]
    ./lib/store.ts 
[Client Component Browser]
    
./app/attendance/page.tsx 
[Client Component Browser]
    
./app/attendance/page.tsx 
[Server Component]

  Client Component SSR:
    ./lib/firebase.ts 
[Client Component SSR]
    ./lib/store.ts 
[Client Component SSR]
    
./app/attendance/page.tsx 
[Client Component SSR]
    
./app/attendance/page.tsx 
[Server Component]

https://nextjs.org/docs/me
ssages/module-not-found


./lib/store.ts:3:1
Module not found: Can't 
resolve 'firebase/auth'
  [90m1 |[0m 
[36mimport[0m { create 
} [36mfrom[0m 
[32m'zustand'[0m;
  [90m2 |[0m 
[36mimport[0m { db, 
auth } [36mfrom[0m 
[32m'./firebase'[0m;
[31m[1m>[0m [90m3 
|[0m [36mimport[0m { 
onAuthStateChanged, 
[33mUser[0m [36mas[0m 
[33mFirebaseUser[0m } 
[36mfrom[0m 
[32m'firebase/auth'[0m;
  [90m  |[0m [31m[1m^^
^^^^^^^^^^^^^^^^^^^^^^^^^^
^^^^^^^^^^^^^^^^^^^^^^^^^^
^^^^^^^^^^^^^^^^^^^[0m
  [90m4 |[0m 
[36mimport[0m { 
  [90m5 |[0m   
collection, 
  [90m6 |[0m   
onSnapshot,



Import traces:
  Client Component 
Browser:
    ./lib/store.ts 
[Client Component Browser]
    ./app/leaves/page.tsx 
[Client Component Browser]
    ./app/leaves/page.tsx 
[Server Component]

  Client Component SSR:
    ./lib/store.ts 
[Client Component SSR]
    ./app/leaves/page.tsx 
[Client Component SSR]
    ./app/leaves/page.tsx 
[Server Component]

https://nextjs.org/docs/me
ssages/module-not-found


./app/users/page.tsx:7:1
Module not found: Can't 
resolve 
'firebase/firestore'
  [90m 5 |[0m 
[36mimport[0m { 
initializeApp } 
[36mfrom[0m 
[32m"firebase/app"[0m;
  [90m 6 |[0m 
[36mimport[0m { 
getAuth, createUserWithEma
ilAndPassword, 
updateProfile } 
[36mfrom[0m 
[32m"firebase/auth"[0m;
[31m[1m>[0m [90m 7 
|[0m [36mimport[0m { 
collection, onSnapshot, 
doc, setDoc, deleteDoc } 
[36mfrom[0m [32m"fireba
se/firestore"[0m;
  [90m   |[0m [31m[1m^
^^^^^^^^^^^^^^^^^^^^^^^^^^
^^^^^^^^^^^^^^^^^^^^^^^^^^
^^^^^^^^^^^^^^^^^^^^^^^^^^
^^^^^[0m
  [90m 8 |[0m 
[36mimport[0m { db, app 
} [36mfrom[0m 
[32m"@/lib/firebase"[0m;
  [90m 9 |[0m 
[36mimport[0m { 
[33mShieldAlert[0m, 
[33mTrash2[0m, 
[33mUserPlus[0m, 
[33mShield[0m, 
[33mLoader2[0m } 
[36mfrom[0m 
[32m"lucide-react"[0m;
  [90m10 |[0m



Import traces:
  Client Component 
Browser:
    ./app/users/page.tsx 
[Client Component Browser]
    ./app/users/page.tsx 
[Server Component]

  Client Component SSR:
    ./app/users/page.tsx 
[Client Component SSR]
    ./app/users/page.tsx 
[Server Component]

https://nextjs.org/docs/me
ssages/module-not-found


./lib/firebase.ts:2:1
Module not found: Can't 
resolve 
'firebase/firestore'
  [90m1 |[0m 
[36mimport[0m { 
initializeApp, getApps, 
getApp } [36mfrom[0m 
[32m'firebase/app'[0m;
[31m[1m>[0m [90m2 
|[0m [36mimport[0m { 
getFirestore } 
[36mfrom[0m [32m'fireba
se/firestore'[0m;
  [90m  |[0m [31m[1m^^
^^^^^^^^^^^^^^^^^^^^^^^^^^
^^^^^^^^^^^^^^^^^^^^^^[0m
  [90m3 |[0m 
[36mimport[0m { getAuth 
} [36mfrom[0m 
[32m'firebase/auth'[0m;
  [90m4 |[0m
  [90m5 |[0m 
[36mconst[0m 
firebaseConfig = {



Import traces:
  Client Component 
Browser:
    ./lib/firebase.ts 
[Client Component Browser]
    ./lib/store.ts 
[Client Component Browser]
    
./app/attendance/page.tsx 
[Client Component Browser]
    
./app/attendance/page.tsx 
[Server Component]

  Client Component SSR:
    ./lib/firebase.ts 
[Client Component SSR]
    ./lib/store.ts 
[Client Component SSR]
    
./app/attendance/page.tsx 
[Client Component SSR]
    
./app/attendance/page.tsx 
[Server Component]

https://nextjs.org/docs/me
ssages/module-not-found


./lib/store.ts:4:1
Module not found: Can't 
resolve 
'firebase/firestore'
  [90m 2 |[0m 
[36mimport[0m { db, 
auth } [36mfrom[0m 
[32m'./firebase'[0m;
  [90m 3 |[0m 
[36mimport[0m { 
onAuthStateChanged, 
[33mUser[0m [36mas[0m 
[33mFirebaseUser[0m } 
[36mfrom[0m 
[32m'firebase/auth'[0m;
[31m[1m>[0m [90m 4 
|[0m [36mimport[0m { 
  [90m   |[0m 
[31m[1m^^^^^^^^[0m
[31m[1m>[0m [90m 5 
|[0m   collection, 
  [90m   |[0m [31m[1m^
^^^^^^^^^^^^^[0m
[31m[1m>[0m [90m 6 
|[0m   onSnapshot, 
  [90m   |[0m [31m[1m^
^^^^^^^^^^^^^[0m
[31m[1m>[0m [90m 7 
|[0m   doc, 
  [90m   |[0m 
[31m[1m^^^^^^^[0m
[31m[1m>[0m [90m 8 
|[0m   setDoc, 
  [90m   |[0m 
[31m[1m^^^^^^^^^^[0m
[31m[1m>[0m [90m 9 
|[0m   deleteDoc, 
  [90m   |[0m 
[31m[1m^^^^^^^^^^^^^[0m
[31m[1m>[0m [90m10 
|[0m   updateDoc 
  [90m   |[0m 
[31m[1m^^^^^^^^^^^^[0m
[31m[1m>[0m [90m11 
|[0m } [36mfrom[0m [32
m'firebase/firestore'[0m;
  [90m   |[0m [31m[1m^
^^^^^^^^^^^^^^^^^^^^^^^^^^
^[0m
  [90m12 |[0m
  [90m13 |[0m 
[36mexport[0m 
[36mtype[0m 
[33mEmployee[0m = {
  [90m14 |[0m   id: 
string;



Import traces:
  Client Component 
Browser:
    ./lib/store.ts 
[Client Component Browser]
    ./app/leaves/page.tsx 
[Client Component Browser]
    ./app/leaves/page.tsx 
[Server Component]

  Client Component SSR:
    ./lib/store.ts 
[Client Component SSR]
    ./app/leaves/page.tsx 
[Client Component SSR]
    ./app/leaves/page.tsx 
[Server Component]

https://nextjs.org/docs/me
ssages/module-not-found


    at <unknown> 
(./app/users/page.tsx:5:1)
    at <unknown> (https://
nextjs.org/docs/messages/m
odule-not-found)
    at <unknown> 
(./lib/firebase.ts:1:1)
    at <unknown> (https://
nextjs.org/docs/messages/m
odule-not-found)
    at <unknown> 
(./app/login/page.tsx:5:1)
    at <unknown> (https://
nextjs.org/docs/messages/m
odule-not-found)
    at <unknown> 
(./app/users/page.tsx:6:1)
    at <unknown> (https://
nextjs.org/docs/messages/m
odule-not-found)
    at <unknown> (./compon
ents/Sidebar.tsx:8:1)
    at <unknown> (https://
nextjs.org/docs/messages/m
odule-not-found)
    at <unknown> 
(./lib/firebase.ts:3:1)
    at <unknown> (https://
nextjs.org/docs/messages/m
odule-not-found)
    at <unknown> 
(./lib/store.ts:3:1)
    at <unknown> (https://
nextjs.org/docs/messages/m
odule-not-found)
    at <unknown> 
(./app/users/page.tsx:7:1)
    at <unknown> (https://
nextjs.org/docs/messages/m
odule-not-found)
    at <unknown> 
(./lib/firebase.ts:2:1)
    at <unknown> (https://
nextjs.org/docs/messages/m
odule-not-found)
    at <unknown> 
(./lib/store.ts:4:1)
    at <unknown> (https://
nextjs.org/docs/messages/m
odule-not-found)
